$(H)\bufpool.h
$(H)\butler.h
$(H)\conf.h
$(H)\date.h
$(H)\disk.h
$(H)\dos.h
$(H)\ec.h
$(H)\io.h
$(H)\kbdio.h
$(H)\kernel.h
$(H)\mark.h
$(H)\mem.h
$(H)\mffile.h
$(H)\network.h
$(H)\pc.h
$(H)\ports.h
$(H)\proc.h
$(H)\q.h
$(H)\sem.h
$(H)\shell.h
$(H)\sleep.h
$(H)\tty.h
blkcmp.c
call.c
cbrkint.c
chprio.c
clkinit.c
clkint.c
close.c
conf.c
control.c
create.c
ctxsw.asm
die.c
eidi.asm
freebuf.c
freemem.c
getbuf.c
getbufi.c
getc.c
getdev.c
getdtime.c
getitem.c
getmem.c
getnok.c
getpid.c
getprio.c
getstdio.c
gettime.c
getutim.c
gpq.c
immortal.c
init.c
initiali.c
insert.c
insertd.c
intmap.asm
kill.c
map.c
mark.c
mem.c
mkpool.c
newqueue.c
nopen.c
nullint.c
open.c
panic.c
pcount.c
pcreate.c
pdelete.c
pglob.c
pinit.c
poolinit.c
preceive.c
preceivi.c
preset.c
psend.c
psendi.c
ptclear.c
putc.c
queue.c
read.c
ready.c
receive.c
recvclr.c
recvtim.c
resched.c
resume.c
scount.c
screate.c
sdelete.c
seek.c
send.c
sendf.c
sendn.c
setnok.c
signal.c
signaln.c
sleep.c
sleep10.c
sleept.c
sreset.c
ssclock.c
stack.asm
suspend.c
treceive.c
tsend.c
unsleep.c
userret.c
wait.c
wakeup.c
write.c
xblock.c
xcalloc.c
xdone.c
xeidi.asm
xfree.c
xmalloc.c
