$(H)\bufpool.h
$(H)\conf.h
$(H)\ctype.h
$(H)\disk.h
$(H)\dos.h
$(H)\dskio.h
$(H)\file.h
$(H)\fs.h
$(H)\fserver.h
$(H)\io.h
$(H)\kernel.h
$(H)\mark.h
$(H)\mem.h
$(H)\mffile.h
$(H)\name.h
$(H)\network.h
$(H)\proc.h
$(H)\string.h
$(H)\tty.h
access.c
chdsk.c
dfalloc.c
dfckmd.c
dfdsrch.c
dio.c
doscall.c
dscntl.c
dsinit.c
dsinter.c
dskbcpy.c
dskchdsk.c
dskenq.c
dskio.asm
dskmkfs.c
dskname.c
dskqopt.c
dsksync.c
dskzap.c
dsnap.c
dsopen.c
dsread.c
dsseek.c
dswrite.c
format.c
fs_close.c
fs_cvtmd.c
fs_del.c
fs_getrq.c
fs_init.c
fs_open.c
fs_openf.c
fs_rmfil.c
fs_seek.c
fs_sndrp.c
fsaccess.c
fsclose.c
fsd.c
fsmkdir.c
fsopen.c
fsread.c
fsremove.c
fsrename.c
fsrmdir.c
fstrans.c
fswrite.c
ibclear.c
ibget.c
iblfree.c
ibnew.c
ibput.c
isanmf.c
lfclose.c
lfgetc.c
lfinit.c
lfopen.c
lfputc.c
lfread.c
lfsdfree.c
lfseek.c
lfsetup.c
lfsflush.c
lfsnewd.c
lfwrite.c
mfalloc.c
mfclose.c
mfdsrch.c
mfgetc.c
mfinit.c
mfputc.c
mfread.c
mfseek.c
mfsetup.c
mfsflush.c
mfwrite.c
mkdir.c
mkdirs.c
mscntl.c
msopen.c
remove.c
rename.c
rfalloc.c
rfclose.c
rfcntl.c
rfdump.c
rfgetc.c
rfgetip.c
rfgetnam.c
rfinit.c
rfio.c
rfmclose.c
rfmcntl.c
rfminit.c
rfmkpac.c
rfopen.c
rfputc.c
rfread.c
rfseek.c
rfsend.c
rfsopen.c
rfwrite.c
rmdir.c
rmdirs.c
